app/[businessSlug]/finance/transactions/page.tsx(13,37): error TS2322: Type '{ transactions: { id: string; businessId: string; createdAt: Date; updatedAt: Date; description: string; type: $Enums.TransactionType; amount: Decimal; ... 4 more ...; transactionId: string; }[]; pagination: { ...; }; }' is not assignable to type '{ transactions: Transaction[]; pagination: { total: number; page: number; limit: number; totalPages: number; }; }'.
  Types of property 'transactions' are incompatible.
    Type '{ id: string; businessId: string; createdAt: Date; updatedAt: Date; description: string; type: TransactionType; amount: Decimal; deletedAt: Date | null; date: Date; referenceId: string | null; orderId: string | null; transactionId: string; }[]' is not assignable to type 'Transaction[]'.
      Type '{ id: string; businessId: string; createdAt: Date; updatedAt: Date; description: string; type: TransactionType; amount: Decimal; deletedAt: Date | null; date: Date; referenceId: string | null; orderId: string | null; transactionId: string; }' is not assignable to type 'Transaction'.
        Types of property 'amount' are incompatible.
          Type 'Decimal' is not assignable to type 'number'.
app/[businessSlug]/inventory/raw-materials/RawMaterialsClient.tsx(72,38): error TS2339: Property 'materials' does not exist on type '{ success: boolean; materials: { name: string; category: MaterialCategory; id: string; businessId: string; createdAt: Date; updatedAt: Date; deletedAt: Date | null; ... 8 more ...; supplierId: string | null; }[]; } | { ...; }'.
  Property 'materials' does not exist on type '{ success: boolean; error: string; }'.
app/[businessSlug]/inventory/raw-materials/RawMaterialsClient.tsx(73,36): error TS2339: Property 'materials' does not exist on type '{ success: boolean; materials: { name: string; category: MaterialCategory; id: string; businessId: string; createdAt: Date; updatedAt: Date; deletedAt: Date | null; ... 8 more ...; supplierId: string | null; }[]; } | { ...; }'.
  Property 'materials' does not exist on type '{ success: boolean; error: string; }'.
app/[businessSlug]/production/batches/BatchesClient.tsx(79,38): error TS2339: Property 'materials' does not exist on type '{ success: boolean; materials: { name: string; category: MaterialCategory; id: string; businessId: string; createdAt: Date; updatedAt: Date; deletedAt: Date | null; ... 8 more ...; supplierId: string | null; }[]; } | { ...; }'.
  Property 'materials' does not exist on type '{ success: boolean; error: string; }'.
app/[businessSlug]/production/batches/BatchesClient.tsx(80,36): error TS2339: Property 'materials' does not exist on type '{ success: boolean; materials: { name: string; category: MaterialCategory; id: string; businessId: string; createdAt: Date; updatedAt: Date; deletedAt: Date | null; ... 8 more ...; supplierId: string | null; }[]; } | { ...; }'.
  Property 'materials' does not exist on type '{ success: boolean; error: string; }'.
app/[businessSlug]/sales/orders/OrdersClient.tsx(50,38): error TS2339: Property 'orders' does not exist on type '{ success: boolean; orders: ({ client: { name: string; id: string; }; company: { name: string; id: string; } | null; invoice: { id: string; businessId: string; createdAt: Date; updatedAt: Date; ... 6 more ...; pdfUrl: string | null; } | null; orderItems: ({ ...; } & { ...; })[]; } & { ...; })[]; } | { ...; }'.
  Property 'orders' does not exist on type '{ success: boolean; error: string; }'.
app/[businessSlug]/sales/orders/OrdersClient.tsx(51,30): error TS2339: Property 'orders' does not exist on type '{ success: boolean; orders: ({ client: { name: string; id: string; }; company: { name: string; id: string; } | null; invoice: { id: string; businessId: string; createdAt: Date; updatedAt: Date; ... 6 more ...; pdfUrl: string | null; } | null; orderItems: ({ ...; } & { ...; })[]; } & { ...; })[]; } | { ...; }'.
  Property 'orders' does not exist on type '{ success: boolean; error: string; }'.
app/[businessSlug]/sales/orders/page.tsx(12,49): error TS2339: Property 'orders' does not exist on type '{ success: boolean; orders: ({ client: { name: string; id: string; }; company: { name: string; id: string; } | null; invoice: { id: string; businessId: string; createdAt: Date; updatedAt: Date; ... 6 more ...; pdfUrl: string | null; } | null; orderItems: ({ ...; } & { ...; })[]; } & { ...; })[]; } | { ...; }'.
  Property 'orders' does not exist on type '{ success: boolean; error: string; }'.
